[    0.000000] Initializing cgroup subsys cpuset
[    0.000000] Initializing cgroup subsys cpu
[    0.000000] Initializing cgroup subsys cpuacct
[    0.000000] Linux version 4.4.0-83-generic (buildd@lgw01-29) (gcc version 5.4.0 20160609 (Ubuntu 5.4.0-6ubuntu1~16.04.4) ) #106-Ubuntu SMP Mon Jun 26 17:54:43 UTC 2017 (Ubuntu 4.4.0-83.106-generic 4.4.70)
[    0.000000] Command line: BOOT_IMAGE=/boot/vmlinuz-4.4.0-83-generic root=LABEL=cloudimg-rootfs ro console=tty1 console=ttyS0
[    0.000000] KERNEL supported cpus:
[    0.000000]   Intel GenuineIntel
[    0.000000]   AMD AuthenticAMD
[    0.000000]   Centaur CentaurHauls
[    0.000000] x86/fpu: xstate_offset[2]:  576, xstate_sizes[2]:  256
[    0.000000] x86/fpu: Supporting XSAVE feature 0x01: 'x87 floating point registers'
[    0.000000] x86/fpu: Supporting XSAVE feature 0x02: 'SSE registers'
[    0.000000] x86/fpu: Supporting XSAVE feature 0x04: 'AVX registers'
[    0.000000] x86/fpu: Enabled xstate features 0x7, context size is 832 bytes, using 'standard' format.
[    0.000000] x86/fpu: Using 'lazy' FPU context switches.
[    0.000000] e820: BIOS-provided physical RAM map:
[    0.000000] BIOS-e820: [mem 0x0000000000000000-0x000000000009fbff] usable
[    0.000000] BIOS-e820: [mem 0x000000000009fc00-0x000000000009ffff] reserved
[    0.000000] BIOS-e820: [mem 0x00000000000f0000-0x00000000000fffff] reserved
[    0.000000] BIOS-e820: [mem 0x0000000000100000-0x000000003ffeffff] usable
[    0.000000] BIOS-e820: [mem 0x000000003fff0000-0x000000003fffffff] ACPI data
[    0.000000] BIOS-e820: [mem 0x00000000fec00000-0x00000000fec00fff] reserved
[    0.000000] BIOS-e820: [mem 0x00000000fee00000-0x00000000fee00fff] reserved
[    0.000000] BIOS-e820: [mem 0x00000000fffc0000-0x00000000ffffffff] reserved
[    0.000000] NX (Execute Disable) protection: active
[    0.000000] SMBIOS 2.5 present.
[    0.000000] Hypervisor detected: KVM
[    0.000000] e820: last_pfn = 0x3fff0 max_arch_pfn = 0x400000000
[    0.000000] MTRR: Disabled
[    0.000000] x86/PAT: MTRRs disabled, skipping PAT initialization too.
[    0.000000] x86/PAT: Configuration [0-7]: WB  WT  UC- UC  WB  WT  UC- UC  
[    0.000000] CPU MTRRs all blank - virtualized system.
[    0.000000] found SMP MP-table at [mem 0x0009fff0-0x0009ffff] mapped at [ffff88000009fff0]
[    0.000000] Scanning 1 areas for low memory corruption
[    0.000000] RAMDISK: [mem 0x36aca000-0x3755cfff]
[    0.000000] ACPI: Early table checksum verification disabled
[    0.000000] ACPI: RSDP 0x00000000000E0000 000024 (v02 VBOX  )
[    0.000000] ACPI: XSDT 0x000000003FFF0030 00003C (v01 VBOX   VBOXXSDT 00000001 ASL  00000061)
[    0.000000] ACPI: FACP 0x000000003FFF00F0 0000F4 (v04 VBOX   VBOXFACP 00000001 ASL  00000061)
[    0.000000] ACPI: DSDT 0x000000003FFF0470 0021C8 (v02 VBOX   VBOXBIOS 00000002 INTL 20100528)
[    0.000000] ACPI: FACS 0x000000003FFF0200 000040
[    0.000000] ACPI: FACS 0x000000003FFF0200 000040
[    0.000000] ACPI: APIC 0x000000003FFF0240 00005C (v02 VBOX   VBOXAPIC 00000001 ASL  00000061)
[    0.000000] ACPI: SSDT 0x000000003FFF02A0 0001CC (v01 VBOX   VBOXCPUT 00000002 INTL 20100528)
[    0.000000] No NUMA configuration found
[    0.000000] Faking a node at [mem 0x0000000000000000-0x000000003ffeffff]
[    0.000000] NODE_DATA(0) allocated [mem 0x3ffeb000-0x3ffeffff]
[    0.000000] kvm-clock: Using msrs 4b564d01 and 4b564d00
[    0.000000] kvm-clock: cpu 0, msr 0:3ffe3001, primary cpu clock
[    0.000000] kvm-clock: using sched offset of 3152812011 cycles
[    0.000000] clocksource: kvm-clock: mask: 0xffffffffffffffff max_cycles: 0x1cd42e4dffb, max_idle_ns: 881590591483 ns
[    0.000000] Zone ranges:
[    0.000000]   DMA      [mem 0x0000000000001000-0x0000000000ffffff]
[    0.000000]   DMA32    [mem 0x0000000001000000-0x000000003ffeffff]
[    0.000000]   Normal   empty
[    0.000000]   Device   empty
[    0.000000] Movable zone start for each node
[    0.000000] Early memory node ranges
[    0.000000]   node   0: [mem 0x0000000000001000-0x000000000009efff]
[    0.000000]   node   0: [mem 0x0000000000100000-0x000000003ffeffff]
[    0.000000] Initmem setup node 0 [mem 0x0000000000001000-0x000000003ffeffff]
[    0.000000] ACPI: PM-Timer IO Port: 0x4008
[    0.000000] IOAPIC[0]: apic_id 2, version 32, address 0xfec00000, GSI 0-23
[    0.000000] ACPI: INT_SRC_OVR (bus 0 bus_irq 0 global_irq 2 dfl dfl)
[    0.000000] ACPI: INT_SRC_OVR (bus 0 bus_irq 9 global_irq 9 high level)
[    0.000000] Using ACPI (MADT) for SMP configuration information
[    0.000000] smpboot: Allowing 2 CPUs, 0 hotplug CPUs
[    0.000000] PM: Registered nosave memory: [mem 0x00000000-0x00000fff]
[    0.000000] PM: Registered nosave memory: [mem 0x0009f000-0x0009ffff]
[    0.000000] PM: Registered nosave memory: [mem 0x000a0000-0x000effff]
[    0.000000] PM: Registered nosave memory: [mem 0x000f0000-0x000fffff]
[    0.000000] e820: [mem 0x40000000-0xfebfffff] available for PCI devices
[    0.000000] Booting paravirtualized kernel on KVM
[    0.000000] clocksource: refined-jiffies: mask: 0xffffffff max_cycles: 0xffffffff, max_idle_ns: 7645519600211568 ns
[    0.000000] setup_percpu: NR_CPUS:512 nr_cpumask_bits:512 nr_cpu_ids:2 nr_node_ids:1
[    0.000000] PERCPU: Embedded 33 pages/cpu @ffff88003fc00000 s98264 r8192 d28712 u1048576
[    0.000000] PV qspinlock hash table entries: 256 (order: 0, 4096 bytes)
[    0.000000] Built 1 zonelists in Node order, mobility grouping on.  Total pages: 257913
[    0.000000] Policy zone: DMA32
[    0.000000] Kernel command line: BOOT_IMAGE=/boot/vmlinuz-4.4.0-83-generic root=LABEL=cloudimg-rootfs ro console=tty1 console=ttyS0
[    0.000000] PID hash table entries: 4096 (order: 3, 32768 bytes)
[    0.000000] Memory: 1001748K/1048120K available (8469K kernel code, 1294K rwdata, 3984K rodata, 1488K init, 1316K bss, 46372K reserved, 0K cma-reserved)
[    0.000000] SLUB: HWalign=64, Order=0-3, MinObjects=0, CPUs=2, Nodes=1
[    0.000000] Hierarchical RCU implementation.
[    0.000000] 	Build-time adjustment of leaf fanout to 64.
[    0.000000] 	RCU restricting CPUs from NR_CPUS=512 to nr_cpu_ids=2.
[    0.000000] RCU: Adjusting geometry for rcu_fanout_leaf=64, nr_cpu_ids=2
[    0.000000] NR_IRQS:33024 nr_irqs:440 16
[    0.000000] Console: colour VGA+ 80x25
[    0.000000] console [tty1] enabled
[    0.000000] console [ttyS0] enabled
[    0.000000] tsc: Detected 2793.634 MHz processor
[    3.516763] Calibrating delay loop (skipped) preset value.. 5587.26 BogoMIPS (lpj=11174536)
[    3.588503] pid_max: default: 32768 minimum: 301
[    3.589386] ACPI: Core revision 20150930
[    3.629427] ACPI: 2 ACPI AML tables successfully acquired and loaded
[    3.650606] Security Framework initialized
[    3.714235] Yama: becoming mindful.
[    3.722986] AppArmor: AppArmor initialized
[    3.724223] Dentry cache hash table entries: 131072 (order: 8, 1048576 bytes)
[    3.763288] Inode-cache hash table entries: 65536 (order: 7, 524288 bytes)
[    3.784126] Mount-cache hash table entries: 2048 (order: 2, 16384 bytes)
[    3.848322] Mountpoint-cache hash table entries: 2048 (order: 2, 16384 bytes)
[    3.920124] Initializing cgroup subsys io
[    3.966353] Initializing cgroup subsys memory
[    4.047803] Initializing cgroup subsys devices
[    4.134121] Initializing cgroup subsys freezer
[    4.179280] Initializing cgroup subsys net_cls
[    4.237284] Initializing cgroup subsys perf_event
[    4.314071] Initializing cgroup subsys net_prio
[    4.357158] Initializing cgroup subsys hugetlb
[    4.432116] Initializing cgroup subsys pids
[    4.478339] CPU: Physical Processor ID: 0
[    4.540308] CPU: Processor Core ID: 0
[    4.547856] mce: CPU supports 0 MCE banks
[    4.615929] Last level iTLB entries: 4KB 512, 2MB 8, 4MB 8
[    4.655270] Last level dTLB entries: 4KB 512, 2MB 32, 4MB 32, 1GB 0
[    4.663810] Freeing SMP alternatives memory: 32K (ffffffff820b9000 - ffffffff820c1000)
[    4.679521] ftrace: allocating 32129 entries in 126 pages
[    4.801703] smpboot: APIC(0) Converting physical 0 to logical package 0
[    4.898446] smpboot: Max logical packages: 1
[    4.938284] x2apic enabled
[    4.950733] Switched APIC routing to physical x2apic.
[    4.997664] ..TIMER: vector=0x30 apic1=0 pin1=2 apic2=-1 pin2=-1
[    5.166036] smpboot: CPU0: Intel(R) Core(TM) i7-3840QM CPU @ 2.80GHz (family: 0x6, model: 0x3a, stepping: 0x9)
[    5.332182] Performance Events: unsupported p6 CPU model 58 no PMU driver, software events only.
[    5.384164] KVM setup paravirtual spinlock
[    5.452173] x86: Booting SMP configuration:
[    5.509129] .... node  #0, CPUs:      #1
[    5.515832] kvm-clock: cpu 1, msr 0:3ffe3041, secondary cpu clock
[    5.533166] mce: CPU supports 0 MCE banks
[    5.538255] x86: Booted up 1 node, 2 CPUs
[    5.588787] smpboot: Total of 2 processors activated (11174.53 BogoMIPS)
[    5.661192] devtmpfs: initialized
[    5.714004] evm: security.selinux
[    5.786677] evm: security.SMACK64
[    5.846876] evm: security.SMACK64EXEC
[    5.922460] evm: security.SMACK64TRANSMUTE
[    5.944751] evm: security.SMACK64MMAP
[    6.022854] evm: security.ima
[    6.043763] evm: security.capability
[    6.052788] clocksource: jiffies: mask: 0xffffffff max_cycles: 0xffffffff, max_idle_ns: 7645041785100000 ns
[    6.127347] futex hash table entries: 512 (order: 3, 32768 bytes)
[    6.148542] pinctrl core: initialized pinctrl subsystem
[    6.174154] RTC time: 10:43:03, date: 07/19/17
[    6.190266] NET: Registered protocol family 16
[    6.276662] cpuidle: using governor ladder
[    6.364520] cpuidle: using governor menu
[    6.403388] PCCT header not found.
[    6.451893] ACPI: bus type PCI registered
[    6.505858] acpiphp: ACPI Hot Plug PCI Controller Driver version: 0.5
[    6.630428] PCI: Using configuration type 1 for base access
[    6.766711] ACPI: Added _OSI(Module Device)
[    6.801085] ACPI: Added _OSI(Processor Device)
[    6.855101] ACPI: Added _OSI(3.0 _SCP Extensions)
[    6.855967] ACPI: Added _OSI(Processor Aggregator Device)
[    6.952035] ACPI: Executed 1 blocks of module-level executable AML code
[    6.961636] ACPI: Interpreter enabled
[    6.979760] ACPI: (supports S0 S5)
[    6.980485] ACPI: Using IOAPIC for interrupt routing
[    7.036683] PCI: Using host bridge windows from ACPI; if necessary, use "pci=nocrs" and report a bug
[    7.157591] ACPI: PCI Root Bridge [PCI0] (domain 0000 [bus 00-ff])
[    7.195451] acpi PNP0A03:00: _OSC: OS supports [ASPM ClockPM Segments MSI]
[    7.259107] acpi PNP0A03:00: _OSC failed (AE_NOT_FOUND); disabling ASPM
[    7.394963] acpi PNP0A03:00: fail to add MMCONFIG information, can't access extended PCI configuration space under this bridge.
[    7.557032] PCI host bridge to bus 0000:00
[    7.592427] pci_bus 0000:00: root bus resource [io  0x0000-0x0cf7 window]
[    7.629452] pci_bus 0000:00: root bus resource [io  0x0d00-0xffff window]
[    7.734333] pci_bus 0000:00: root bus resource [mem 0x000a0000-0x000bffff window]
[    7.797485] pci_bus 0000:00: root bus resource [mem 0x40000000-0xffdfffff window]
[    7.915956] pci_bus 0000:00: root bus resource [bus 00-ff]
[    8.002289] pci 0000:00:01.1: legacy IDE quirk: reg 0x10: [io  0x01f0-0x01f7]
[    8.008935] pci 0000:00:01.1: legacy IDE quirk: reg 0x14: [io  0x03f6]
[    8.062123] pci 0000:00:01.1: legacy IDE quirk: reg 0x18: [io  0x0170-0x0177]
[    8.106209] pci 0000:00:01.1: legacy IDE quirk: reg 0x1c: [io  0x0376]
[    8.146992] pci 0000:00:07.0: quirk: [io  0x4000-0x403f] claimed by PIIX4 ACPI
[    8.179629] pci 0000:00:07.0: quirk: [io  0x4100-0x410f] claimed by PIIX4 SMB
[    8.208970] ACPI: PCI Interrupt Link [LNKA] (IRQs 5 9 10 *11)
[    8.248690] ACPI: PCI Interrupt Link [LNKB] (IRQs 5 9 10 *11)
[    8.269659] ACPI: PCI Interrupt Link [LNKC] (IRQs 5 9 *10 11)
[    8.284669] ACPI: PCI Interrupt Link [LNKD] (IRQs 5 *9 10 11)
[    8.312643] ACPI: Enabled 2 GPEs in block 00 to 07
[    8.332654] vgaarb: setting as boot device: PCI:0000:00:02.0
[    8.412287] vgaarb: device added: PCI:0000:00:02.0,decodes=io+mem,owns=io+mem,locks=none
[    8.432488] vgaarb: loaded
[    8.437573] vgaarb: bridge control possible 0000:00:02.0
[    8.478378] SCSI subsystem initialized
[    8.490588] ACPI: bus type USB registered
[    8.512146] usbcore: registered new interface driver usbfs
[    8.523935] usbcore: registered new interface driver hub
[    8.533068] usbcore: registered new device driver usb
[    8.558551] PCI: Using ACPI for IRQ routing
[    8.628294] NetLabel: Initializing
[    8.657932] NetLabel:  domain hash size = 128
[    8.741292] NetLabel:  protocols = UNLABELED CIPSOv4
[    8.744488] NetLabel:  unlabeled traffic allowed by default
[    8.745717] amd_nb: Cannot enumerate AMD northbridges
[    8.749133] clocksource: Switched to clocksource kvm-clock
[    8.826962] AppArmor: AppArmor Filesystem Enabled
[    8.941134] pnp: PnP ACPI init
[    8.963890] pnp: PnP ACPI: found 3 devices
[    9.046911] clocksource: acpi_pm: mask: 0xffffff max_cycles: 0xffffff, max_idle_ns: 2085701024 ns
[    9.200540] NET: Registered protocol family 2
[    9.262417] TCP established hash table entries: 8192 (order: 4, 65536 bytes)
[    9.269041] TCP bind hash table entries: 8192 (order: 5, 131072 bytes)
[    9.369570] TCP: Hash tables configured (established 8192 bind 8192)
[    9.447081] UDP hash table entries: 512 (order: 2, 16384 bytes)
[    9.459884] UDP-Lite hash table entries: 512 (order: 2, 16384 bytes)
[    9.504420] NET: Registered protocol family 1
[    9.560139] pci 0000:00:00.0: Limiting direct PCI/PCI transfers
[    9.567425] pci 0000:00:01.0: Activating ISA DMA hang workarounds
[    9.663301] Unpacking initramfs...
[   11.176879] Freeing initrd memory: 10828K (ffff880036aca000 - ffff88003755d000)
[   11.259554] RAPL PMU detected, API unit is 2^-32 Joules, 3 fixed counters 10737418240 ms ovfl timer
[   11.357390] hw unit of domain pp0-core 2^-0 Joules
[   11.371377] hw unit of domain package 2^-0 Joules
[   11.399926] hw unit of domain pp1-gpu 2^-0 Joules
[   11.435333] platform rtc_cmos: registered platform RTC device (no PNP device found)

[   11.555866] Scanning for low memory corruption every 60 seconds
[   11.625944] audit: initializing netlink subsys (disabled)
[   11.643171] audit: type=2000 audit(1500460985.331:1): initialized
[   11.669296] Initialise system trusted keyring
[   11.817280] HugeTLB registered 2 MB page size, pre-allocated 0 pages
[   11.972914] zbud: loaded
[   12.037767] VFS: Disk quotas dquot_6.6.0
[   12.166772] VFS: Dquot-cache hash table entries: 512 (order 0, 4096 bytes)
[   12.302061] squashfs: version 4.0 (2009/01/31) Phillip Lougher
[   12.408189] fuse init (API version 7.23)
[   12.436912] tsc: Refined TSC clocksource calibration: 2794.129 MHz
[   12.436914] clocksource: tsc: mask: 0xffffffffffffffff max_cycles: 0x284696bf830, max_idle_ns: 440795325481 ns
[   12.491177] Key type big_key registered
[   12.495428] Allocating IMA MOK and blacklist keyrings.
[   12.559138] Key type asymmetric registered
[   12.592313] Asymmetric key parser 'x509' registered
[   12.658159] Block layer SCSI generic (bsg) driver version 0.4 loaded (major 249)
[   12.667977] io scheduler noop registered
[   12.677027] io scheduler deadline registered (default)
[   12.683221] io scheduler cfq registered
[   12.689160] pci_hotplug: PCI Hot Plug PCI Core version: 0.5
[   12.699222] pciehp: PCI Express Hot Plug Controller Driver version: 0.4
[   12.711161] ACPI: AC Adapter [AC] (on-line)
[   12.715702] input: Power Button as /devices/LNXSYSTM:00/LNXPWRBN:00/input/input0
[   12.724791] ACPI: Power Button [PWRF]
[   12.730598] input: Sleep Button as /devices/LNXSYSTM:00/LNXSLPBN:00/input/input1
[   12.740771] ACPI: Sleep Button [SLPF]
[   12.751246] GHES: HEST is not enabled!
[   12.754835] Serial: 8250/16550 driver, 32 ports, IRQ sharing enabled
[   12.755890] ACPI: Battery Slot [BAT0] (battery present)
[   12.841143] 00:02: ttyS0 at I/O 0x3f8 (irq = 4, base_baud = 115200) is a 16550A
[   12.856616] Linux agpgart interface v0.103
[   12.864803] loop: module loaded
[   12.890752] scsi host0: ata_piix
[   12.917104] scsi host1: ata_piix
[   12.921689] ata1: PATA max UDMA/33 cmd 0x1f0 ctl 0x3f6 bmdma 0xd000 irq 14
[   13.001314] ata2: PATA max UDMA/33 cmd 0x170 ctl 0x376 bmdma 0xd008 irq 15
[   13.060875] libphy: Fixed MDIO Bus: probed
[   13.088120] tun: Universal TUN/TAP device driver, 1.6
[   13.147119] tun: (C) 1999-2004 Max Krasnyansky <maxk@qualcomm.com>
[   13.167211] PPP generic driver version 2.4.2
[   13.207238] ehci_hcd: USB 2.0 'Enhanced' Host Controller (EHCI) Driver
[   13.241405] ehci-pci: EHCI PCI platform driver
[   13.281309] ehci-platform: EHCI generic platform driver
[   13.317546] ohci_hcd: USB 1.1 'Open' Host Controller (OHCI) Driver
[   13.332295] ohci-pci: OHCI PCI platform driver
[   13.351656] ohci-platform: OHCI generic platform driver
[   13.381844] uhci_hcd: USB Universal Host Controller Interface driver
[   13.427278] i8042: PNP: PS/2 Controller [PNP0303:PS2K,PNP0f03:PS2M] at 0x60,0x64 irq 1,12
[   13.478576] serio: i8042 KBD port at 0x60,0x64 irq 1
[   13.658793] serio: i8042 AUX port at 0x60,0x64 irq 12
[   13.727182] mousedev: PS/2 mouse device common for all mice
[   13.840662] rtc_cmos rtc_cmos: rtc core: registered rtc_cmos as rtc0
[   13.864360] input: AT Translated Set 2 keyboard as /devices/platform/i8042/serio0/input/input2
[   13.869325] rtc_cmos rtc_cmos: alarms up to one day, 114 bytes nvram
[   13.869342] i2c /dev entries driver
[   13.869407] device-mapper: uevent: version 1.0.3
[   13.927730] device-mapper: ioctl: 4.34.0-ioctl (2015-10-28) initialised: dm-devel@redhat.com
[   13.927757] ledtrig-cpu: registered to indicate activity on CPUs
[   13.928047] NET: Registered protocol family 10
[   13.928182] NET: Registered protocol family 17
[   13.928189] Key type dns_resolver registered
[   13.928322] microcode: CPU0 sig=0x306a9, pf=0x2, revision=0x19
[   13.980596] microcode: CPU1 sig=0x306a9, pf=0x2, revision=0x19
[   13.980677] microcode: Microcode Update Driver: v2.01 <tigran@aivazian.fsnet.co.uk>, Peter Oruba
[   13.980809] registered taskstats version 1
[   13.980821] Loading compiled-in X.509 certificates
[   13.981513] Loaded X.509 cert 'Build time autogenerated kernel key: 35105354eb779045e4d9ad793dead39d5ee93f76'
[   13.981540] zswap: loaded using pool lzo/zbud
[   13.982967] Key type trusted registered
[   13.984872] Key type encrypted registered
[   13.984876] AppArmor: AppArmor sha1 policy hashing enabled
[   13.984878] ima: No TPM chip found, activating TPM-bypass!
[   13.984895] evm: HMAC attrs: 0x1
[   13.985261]   Magic number: 9:178:730
[   14.026651] rtc_cmos rtc_cmos: setting system clock to 2017-07-19 10:43:11 UTC (1500460991)
[   14.026747] BIOS EDD facility v0.16 2004-Jun-25, 0 devices found
[   14.026748] EDD information not available.
[   16.097300] Freeing unused kernel memory: 1488K (ffffffff81f45000 - ffffffff820b9000)
[   16.170647] Write protecting the kernel read-only data: 14336k
[   16.193010] Freeing unused kernel memory: 1760K (ffff880001848000 - ffff880001a00000)
[   16.252457] Freeing unused kernel memory: 112K (ffff880001de4000 - ffff880001e00000)
Loading, please [   16.326543] random: systemd-udevd: uninitialized urandom read (16 bytes read, 4 bits of entropy available)
wait...
startin[   16.327040] random: udevadm: uninitialized urandom read (16 bytes read, 4 bits of entropy available)
g version 229
[   16.327074] random: udevadm: uninitialized urandom read (16 bytes read, 4 bits of entropy available)
[   16.327186] random: udevadm: uninitialized urandom read (16 bytes read, 4 bits of entropy available)
[   16.327230] random: udevadm: uninitialized urandom read (16 bytes read, 4 bits of entropy available)
[   16.327272] random: udevadm: uninitialized urandom read (16 bytes read, 4 bits of entropy available)
[   16.327311] random: udevadm: uninitialized urandom read (16 bytes read, 4 bits of entropy available)
[   16.327352] random: udevadm: uninitialized urandom read (16 bytes read, 4 bits of entropy available)
[   16.327393] random: udevadm: uninitialized urandom read (16 bytes read, 4 bits of entropy available)
[   16.327431] random: udevadm: uninitialized urandom read (16 bytes read, 4 bits of entropy available)
[   17.240861] Fusion MPT base driver 3.04.20
[   17.304073] Copyright (c) 1999-2008 LSI Corporation
[   17.359643] e1000: Intel(R) PRO/1000 Network Driver - version 7.3.21-k8-NAPI
[   17.501911] e1000: Copyright (c) 1999-2006 Intel Corporation.
[   17.675699] Fusion MPT SPI Host driver 3.04.20
[   17.726592] mptbase: ioc0: Initiating bringup
[   17.818405] AVX version of gcm_enc/dec engaged.
[   17.901963] AES CTR mode by8 optimization enabled
[   17.970089] input: ImExPS/2 Generic Explorer Mouse as /devices/platform/i8042/serio1/input/input4
[   18.261333] ioc0: LSI53C1030 A0: Capabilities={Initiator}
[   18.439752] scsi host2: ioc0: LSI53C1030 A0, FwRev=00000000h, Ports=1, MaxQ=256, IRQ=20
[   18.658552] scsi 2:0:0:0: Direct-Access     VBOX     HARDDISK         1.0  PQ: 0 ANSI: 5
[   18.670844] scsi target2:0:0: Beginning Domain Validation
[   18.703886] scsi target2:0:0: Domain Validation skipping write tests
[   18.761729] scsi target2:0:0: Ending Domain Validation
[   18.813344] scsi target2:0:0: asynchronous
[   18.925347] scsi 2:0:1:0: Direct-Access     VBOX     HARDDISK         1.0  PQ: 0 ANSI: 5
[   19.055341] scsi target2:0:1: Beginning Domain Validation
[   19.149212] e1000 0000:00:03.0 eth0: (PCI:33MHz:32-bit) 02:45:a7:eb:b0:fd
[   19.149217] e1000 0000:00:03.0 eth0: Intel(R) PRO/1000 Network Connection
[   19.378423] scsi target2:0:1: Domain Validation skipping write tests
[   19.396496] scsi target2:0:1: Ending Domain Validation
[   19.405953] scsi target2:0:1: asynchronous
[   19.433604] sd 2:0:0:0: Attached scsi generic sg0 type 0
[   19.450746] sd 2:0:0:0: [sda] 20971520 512-byte logical blocks: (10.7 GB/10.0 GiB)
[   19.484531] sd 2:0:1:0: Attached scsi generic sg1 type 0
[   19.486154] sd 2:0:1:0: [sdb] 20480 512-byte logical blocks: (10.5 MB/10.0 MiB)
[   19.486358] sd 2:0:0:0: [sda] Write Protect is off
[   19.486385] sd 2:0:1:0: [sdb] Write Protect is off
[   19.486429] sd 2:0:0:0: [sda] Incomplete mode parameter data
[   19.486430] sd 2:0:0:0: [sda] Assuming drive cache: write through
[   19.486458] sd 2:0:1:0: [sdb] Incomplete mode parameter data
[   19.486459] sd 2:0:1:0: [sdb] Assuming drive cache: write through
[   19.525551] e1000 0000:00:08.0 eth1: (PCI:33MHz:32-bit) 08:00:27:d3:2c:48
[   19.525553] e1000 0000:00:08.0 eth1: Intel(R) PRO/1000 Network Connection
[   19.554588]  sda: sda1
[   19.555040] sd 2:0:0:0: [sda] Attached SCSI disk
[   19.555080] sd 2:0:1:0: [sdb] Attached SCSI disk
[   19.921506] e1000 0000:00:09.0 eth2: (PCI:33MHz:32-bit) 08:00:27:5b:2a:7c
[   19.921508] e1000 0000:00:09.0 eth2: Intel(R) PRO/1000 Network Connection
[   19.965177] e1000 0000:00:03.0 enp0s3: renamed from eth0
[   20.381306] floppy0: no floppy controllers found
[   20.917664] e1000 0000:00:08.0 enp0s8: renamed from eth1
[   20.957494] e1000 0000:00:09.0 enp0s9: renamed from eth2
Begin: Loading e[   22.429133] md: linear personality registered for level -1
ssential drivers[   22.500246] md: multipath personality registered for level -4
 ... [   22.680261] md: raid0 personality registered for level 0
[   22.735058] md: raid1 personality registered for level 1
[   22.849173] raid6: sse2x1   gen()  9465 MB/s
[   22.985190] raid6: sse2x1   xor()  7534 MB/s
[   23.073231] raid6: sse2x2   gen() 11828 MB/s
[   23.225246] raid6: sse2x2   xor()  8055 MB/s
[   23.317222] raid6: sse2x4   gen() 14015 MB/s
[   23.473328] raid6: sse2x4   xor()  9126 MB/s
[   23.534598] raid6: using algorithm sse2x4 gen() 14015 MB/s
[   23.541337] raid6: .... xor() 9126 MB/s, rmw enabled
[   23.577237] raid6: using ssse3x2 recovery algorithm
[   23.666424] xor: automatically using best checksumming function:
[   23.837150]    avx       : 19345.000 MB/sec
[   23.853808] async_tx: api initialized (async)
[   23.891887] md: raid6 personality registered for level 6
[   23.931730] md: raid5 personality registered for level 5
[   23.959874] md: raid4 personality registered for level 4
[   23.981386] md: raid10 personality registered for level 10
done.
Begin: Running /scripts/i[   24.065096] Btrfs loaded
nit-premount ... done.
Begin: Mounting root file system ... Begin: Running /scripts/local-top ... done.
Begin: Running /scripts/local-premount ... Scanning fo[   24.150679] EXT4-fs (sda1): mounted filesystem with ordered data mode. Opts: (null)
r Btrfs filesystems
done.
Warning: fsck not present, so skipping root file system
done.
Begin: Running /scripts/local-bottom ... done.
Begin: Running /scripts/init-bottom ... done.
[   24.422049] systemd[1]: systemd 229 running in system mode. (+PAM +AUDIT +SELINUX +IMA +APPARMOR +SMACK +SYSVINIT +UTMP +LIBCRYPTSETUP +GCRYPT +GNUTLS +ACL +XZ -LZ4 +SECCOMP +BLKID +ELFUTILS +KMOD -IDN)
[   24.512755] systemd[1]: Detected virtualization oracle.
[   24.547477] systemd[1]: Detected architecture x86-64.

Welcome to [1mUbuntu 16.04.2 LTS[0m!

[   24.614642] systemd[1]: Set hostname to <ubuntu>.
[   24.647817] systemd[1]: Initializing machine ID from random generator.
[   24.711909] systemd[1]: Installed transient /etc/machine-id file.
[   24.850314] systemd[1]: Listening on LVM2 metadata daemon socket.
[[0;32m  OK  [0m] Listening on LVM2 metadata daemon socket.
[   24.889826] systemd[1]: Listening on udev Kernel Socket.
[[0;32m  OK  [0m] Listening on udev Kernel Socket.
[   24.957538] systemd[1]: Listening on LVM2 poll daemon socket.
[[0;32m  OK  [0m] Listening on LVM2 poll daemon socket.
[   25.062254] systemd[1]: Listening on /dev/initctl Compatibility Named Pipe.
[[0;32m  OK  [0m] Listening on /dev/initctl Compatibility Named Pipe.
[   25.174521] systemd[1]: Created slice User and Session Slice.
[[0;32m  OK  [0m] Created slice User and Session Slice.
[   25.353819] systemd[1]: Listening on Journal Audit Socket.
[[0;32m  OK  [0m] Listening on Journal Audit Socket.
[   25.429693] systemd[1]: Listening on Journal Socket (/dev/log).
[[0;32m  OK  [0m] Listening on Journal Socket (/dev/log).
[   25.554130] systemd[1]: Reached target Swap.
[[0;32m  OK  [0m] Reached target Swap.
[   25.625589] systemd[1]: Reached target Encrypted Volumes.
[[0;32m  OK  [0m] Reached target Encrypted Volumes.
[   25.725714] systemd[1]: Listening on Device-mapper event daemon FIFOs.
[[0;32m  OK  [0m] Listening on Device-mapper event daemon FIFOs.
[   25.777957] systemd[1]: Created slice System Slice.
[[0;32m  OK  [0m] Created slice System Slice.
[   25.802423] systemd[1]: Created slice system-serial\x2dgetty.slice.
[[0;32m  OK  [0m] Created slice system-serial\x2dgetty.slice.
[   25.981758] systemd[1]: Reached target Slices.
[[0;32m  OK  [0m] Reached target Slices.
[   26.009767] systemd[1]: Listening on udev Control Socket.
[[0;32m  OK  [0m] Listening on udev Control Socket.
[   26.122368] systemd[1]: Set up automount Arbitrary Executable File Formats File System Automount Point.
[[0;32m  OK  [0m] Set up automount Arbitrary Executab...ats File System Automount Point.
[   26.205825] systemd[1]: Listening on Syslog Socket.
[[0;32m  OK  [0m] Listening on Syslog Socket.
[   26.358010] systemd[1]: Reached target User and Group Name Lookups.
[[0;32m  OK  [0m] Reached target User and Group Name Lookups.
[   26.397967] systemd[1]: Started Trigger resolvconf update for networkd DNS.
[[0;32m  OK  [0m] Started Trigger resolvconf update for networkd DNS.
[   26.513822] systemd[1]: Listening on Journal Socket.
[[0;32m  OK  [0m] Listening on Journal Socket.
[   26.541861] systemd[1]: Starting Monitoring of LVM2 mirrors, snapshots etc. using dmeventd or progress polling...
         Starting Monitoring of LVM2 mirrors... dmeventd or progress polling...
[   26.609638] systemd[1]: Mounting Debug File System...
[   26.703069] random: nonblocking pool is initialized
         Mounting Debug File System...
[   26.801710] systemd[1]: Mounting Huge Pages File System...
         Mounting Huge Pages File System...
[   26.878305] systemd[1]: Starting Journal Service...
         Starting Journal Service...
[   26.906746] systemd[1]: Starting Create list of required static device nodes for the current kernel...
         Starting Create list of required st... nodes for the current kernel...
[   27.117415] systemd[1]: Starting Uncomplicated firewall...
         Starting Uncomplicated firewall...
[   27.181438] systemd[1]: Starting Load Kernel Modules...
         Starting Load Kernel Modules...[   27.222327] Loading iSCSI transport class v2.0-870.

[   27.278787] systemd[1]: Mounting POSIX Message Queue File System...
         [   27.380754] iscsi: registered transport (tcp)
Mounting POSIX Message Queue File System...
[   27.475442] iscsi: registered transport (iser)
[   27.549663] systemd[1]: Starting Set console keymap...
         Starting Set console keymap...
[   27.645280] systemd[1]: Starting Nameserver information manager...
         Starting Nameserver information manager...
[   27.741913] systemd[1]: Starting Remount Root and Kernel File Systems...
         [   27.764559] EXT4-fs (sda1): re-mounted. Opts: (null)
Starting Remount Root and Kernel File Systems...
[   27.889941] systemd[1]: Started Forward Password Requests to Wall Directory Watch.
[[0;32m  OK  [0m] Started Forward Password Requests to Wall Directory Watch.
[   27.986331] systemd[1]: Mounted Debug File System.
[[0;32m  OK  [0m] Mounted Debug File System.
[   28.041405] systemd[1]: Mounted POSIX Message Queue File System.
[[0;32m  OK  [0m] Mounted POSIX Message Queue File System.
[   28.101549] systemd[1]: Mounted Huge Pages File System.
[[0;32m  OK  [0m] Mounted Huge Pages File System.
[   28.297591] systemd[1]: Started Journal Service.
[[0;32m  OK  [0m] Started Journal Service.
[[0;32m  OK  [0m] Started Create list of required sta...ce nodes for the current kernel.
[[0;32m  OK  [0m] Started Uncomplicated firewall.
[[0;32m  OK  [0m] Started Load Kernel Modules.
[[0;32m  OK  [0m] Started Set console keymap.
[[0;32m  OK  [0m] Started Remount Root and Kernel File Systems.
[[0;32m  OK  [0m] Started Nameserver information manager.
[[0;32m  OK  [0m] Started LVM2 metadata daemon.
         Starting Initial cloud-init job (pre-networking)...
         Starting udev Coldplug all Devices...
         Starting Load/Save Random Seed...
         Mounting FUSE Control File System...
         Starting Apply Kernel Variables...
         Starting Create Static Device Nodes in /dev...
         Starting Flush Journal to Persistent Storage...
[[0;32m  OK  [0m] Mounted FUSE Control File System.
[[0;32m  OK  [0m] Started Load/Save Random Seed.
[[0;32m  OK  [0m] Started Apply Kernel Variables.
[[0;32m  OK  [0m] Started Create Static Device Nodes in /dev.
[[0;32m  OK  [0m] Started udev Coldplug all Devices.
[[0;32m  OK  [0m] Started Flush Journal to Persistent Storage.
         Starting udev Kernel Device Manager...
[[0;32m  OK  [0m] Started udev Kernel Device Manager.
[[0;32m  OK  [0m] Started Dispatch Password Requests to Console Directory Watch.
[[0;32m  OK  [0m] Found device /dev/ttyS0.
[[0;32m  OK  [0m] Started Monitoring of LVM2 mirrors,...ng dmeventd or progress polling.
[[0;32m  OK  [0m] Reached target Local File Systems (Pre).
[[0;32m  OK  [0m] Reached target Local File Systems.
         Starting Commit a transient machine-id on disk...
         Starting Create Volatile Files and Directories...
         Starting LSB: AppArmor initialization...
         Starting Set console font and keymap...
         Starting Tell Plymouth To Write Out Runtime Data...
[[0;32m  OK  [0m] Started Commit a transient machine-id on disk.
[[0;32m  OK  [0m] Started Create Volatile Files and Directories.
[[0;32m  OK  [0m] Started Tell Plymouth To Write Out Runtime Data.
[   21.386253] cloud-init[448]: Cloud-init v. 0.7.9 running 'init-local' at Wed, 19 Jul 2017 10:43:26 +0000. Up 21.12 seconds.
[[0;32m  OK  [0m] Started Initial cloud-init job (pre-networking).
[[0;32m  OK  [0m] Started Set console font and keymap.
[[0;32m  OK  [0m] Listening on Load/Save RF Kill Switch Status /dev/rfkill Watch.
[[0;32m  OK  [0m] Created slice system-getty.slice.
[[0;32m  OK  [0m] Reached target Network (Pre).
[[0;32m  OK  [0m] Reached target System Time Synchronized.
         Starting Update UTMP about System Boot/Shutdown...
[[0;32m  OK  [0m] Started Update UTMP about System Boot/Shutdown.
[[0;32m  OK  [0m] Started LSB: AppArmor initialization.
         Starting Raise network interfaces...
[[0;32m  OK  [0m] Started Raise network interfaces.
         Starting Initial cloud-init job (metadata service crawler)...
[[0;32m  OK  [0m] Reached target Network.
[   24.737499] cloud-init[961]: Cloud-init v. 0.7.9 running 'init' at Wed, 19 Jul 2017 10:43:30 +0000. Up 24.33 seconds.
[   24.821139] cloud-init[961]: ci-info: ++++++++++++++++++++++++++++++++++++++Net device info++++++++++++++++++++++++++++++++++++++
[   24.821512] cloud-init[961]: ci-info: +--------+-------+----------------------------+---------------+-------+-------------------+
[[0;32m  OK  [0m] Started Initial cloud-init job (metadata service crawler).
[   24.821676] cloud-init[961]: ci-info: | Device |   Up  |          Address           |      Mask     | Scope |     Hw-Address    |
[   24.996641] cloud-init[961]: ci-info: +--------+-------+----------------------------+---------------+-------+-------------------+
[   24.996955] cloud-init[961]: ci-info: | enp0s8 | False |             .              |       .       |   .   | 08:00:27:d3:2c:48 |
[[0;32m  OK  [0m] Reached target Network is Online.
[   24.997098] cloud-init[961]: ci-info: | enp0s9 | False |             .              |       .       |   .   | 08:00:27:5b:2a:7c |
[   25.176984] cloud-init[961]: ci-info: | enp0s3 |  True |         10.0.2.15          | 255.255.255.0 |   .   | 02:45:a7:eb:b0:fd |
[   25.177314] cloud-init[961]: ci-info: | enp0s3 |  True | fe80::45:a7ff:feeb:b0fd/64 |       .       |  link | 02:45:a7:eb:b0:fd |
         Starting iSCSI initiator daemon (iscsid)...
[   25.177453] cloud-init[961]: ci-info: |   lo   |  True |         127.0.0.1          |   255.0.0.0   |   .   |         .         |
[   25.348996] cloud-init[961]: ci-info: |   lo   |  True |          ::1/128           |       .       |  host |         .         |
[[0;32m  OK  [0m] Reached target System Initialization.
[[   25.349103] cloud-init[961]: ci-info: +--------+-------+----------------------------+---------------+-------+-------------------+
[   25.497150] cloud-init[961]: ci-info: +++++++++++++++++++++++++++Route IPv4 info++++++++++++++++++++++++++++
[0;32m  OK  [0m] Listening on ACPID Listen Socket.
[[   25.497249] cloud-init[961]: ci-info: +-------+-------------+----------+---------------+-----------+-------+
[   25.624755] cloud-init[961]: ci-info: | Route | Destination | Gateway  |    Genmask    | Interface | Flags |
[0;32m  OK  [0m] Started Daily apt activities.
[[   25.624853] cloud-init[961]: ci-info: +-------+-------------+----------+---------------+-----------+-------+
[   25.765325] cloud-init[961]: ci-info: |   0   |   0.0.0.0   | 10.0.2.2 |    0.0.0.0    |   enp0s3  |   UG  |
[0;32m  OK  [0m] Listening on D-Bus System Message Bus Socket.
[   25.765417] cloud-init[961]: ci-info: |   1   |   10.0.2.0  | 0.0.0.0  | 255.255.255.0 |   enp0s3  |   U   |
[   25.929525] cloud-init[961]: ci-info: +-------+-------------+----------+---------------+-----------+-------+
         Starting LXD - unix socket.
[[   25.930031] cloud-init[961]: Generating public/private rsa key pair.
[   25.989178] cloud-init[961]: Your identification has been saved in /etc/ssh/ssh_host_rsa_key.
[0;32m  OK  [0m] Started Timer to automatically refresh installed snaps.
[   25.989276] cloud-init[961]: Your public key has been saved in /etc/ssh/ssh_host_rsa_key.pub.
[   26.132470] cloud-init[961]: The key fingerprint is:
[   26.132802] cloud-init[961]: SHA256:eImUzna5LMM1L0eLjYNUqkRy1mSTh3JA//N/W8v0IPc root@ubuntu-xenial
[[0;32m  OK  [0m] Started ACPI Events Check.
[   26.132934] cloud-init[961]: The key's randomart image is:
[   26.237150] cloud-init[961]: +---[RSA 2048]----+
[[0;32m  OK  [0m] Reached target Paths.
[[   26.237262] cloud-init[961]: |   .o.+o         |
[   26.333087] cloud-init[961]: |    .=+o.        |
[0;32m  OK  [0m] Listening on UUID daemon activation socket.
[[   26.333175] cloud-init[961]: |  . +o=..        |
[   26.437261] cloud-init[961]: |   = + * o       |
[0;32m  OK  [0m] Started Daily Cleanup of Temporary Directories.
[   26.437353] cloud-init[961]: |    . O S .      |
[   26.509151] cloud-init[961]: |   . = * @ .     |
[[0;32m  OK  [0m] Reached target Timers.
[   26.509277] cloud-init[961]: |    . = B * . o..|
         Starting Socket activation for snappy daemon.
[   26.528784] cloud-init[961]: |       o + . o++o|
[   26.564848] cloud-init[961]: |            ...+E|
[[0;32m  OK  [0m] Reached target Cloud-config availability.
[   26.565077] cloud-init[961]: +----[SHA256]-----+
[   26.669683] cloud-init[961]: Generating public/private dsa key pair.
[   26.670093] cloud-init[961]: Your identification has been saved in /etc/ssh/ssh_host_dsa_key.
[[0;32m  OK  [0m] Listening on LXD - unix socket.
[   26.670330] cloud-init[961]: Your public key has been saved in /etc/ssh/ssh_host_dsa_key.pub.
[   26.785032] cloud-init[961]: The key fingerprint is:
[[0;32m  OK  [0m] Listening on Socket activation for snappy daemon.
[[   26.785342] cloud-init[961]: SHA256:NapsYqV4eRLimM56sJbZSKYbeH96O3KcAgNfbPGuY5E root@ubuntu-xenial
[   26.865062] cloud-init[961]: The key's randomart image is:
[0;32m  OK  [0m] Started iSCSI initiator daemon (iscsid).
[   26.865318] cloud-init[961]: +---[DSA 1024]----+
[   26.980524] cloud-init[961]: |                 |
[   26.980819] cloud-init[961]: |    .            |
         Starting Login to default iSCSI targets...
[   26.980983] cloud-init[961]: |   . o    o      |
[[0;32m  OK  [0m] Reached target Sockets.
[   27.068985] cloud-init[961]: |.   + .  o .     |
[   27.124634] cloud-init[961]: | o.o.o. S        |
[[0;32m  OK  [0m] Reached target Basic System.
[   27.124726] cloud-init[961]: |o*+oE*..         |
[   27.244376] cloud-init[961]: |OoOoB+=.         |
[   27.244710] cloud-init[961]: |=B.=*=B          |
         Starting LSB: MD monitoring daemon...
[   27.244947] cloud-init[961]: |== .oO.o         |
[   27.328897] cloud-init[961]: +----[SHA256]-----+
[[0;32m  OK  [0m] Started Unattended Upgrades Shutdown.
[   27.329155] cloud-init[961]: Generating public/private ecdsa key pair.
[   27.444303] cloud-init[961]: Your identification has been saved in /etc/ssh/ssh_host_ecdsa_key.
[   27.444620] cloud-init[961]: Your public key has been saved in /etc/ssh/ssh_host_ecdsa_key.pub.
[[0;32m  OK  [0m] Started D-Bus System Message Bus.
[   27.444757] cloud-init[961]: The key fingerprint is:
[   27.584467] cloud-init[961]: SHA256:8CJLFofTW45IkdAATvz2ipndyJOHEuVto+AER2JjNvs root@ubuntu-xenial
[   27.584938] cloud-init[961]: The key's randomart image is:
         Starting Accounts Service...
[   27.585139] cloud-init[961]: +---[ECDSA 256]---+
[   27.688724] cloud-init[961]: |ooo+..           |
[   27.689018] cloud-init[961]: |+B. o+           |
[[0;32m  OK  [0m] Started ACPI event daemon.
[   27.689156] cloud-init[961]: |++= = + .        |
[   27.792343] cloud-init[961]: |...= = B         |
[   27.792570] cloud-init[961]: |..= B + S        |
         Starting System Logging Service...
[   27.792689] cloud-init[961]: | + E B .         |
[   27.896582] cloud-init[961]: |o O X .          |
[   27.897078] cloud-init[961]: | * X o           |
         Starting Apply the settings specified in cloud-config...
[   27.897272] cloud-init[961]: |  . o            |
[   27.992515] cloud-init[961]: +----[SHA256]-----+
[   27.992699] cloud-init[961]: Generating public/private ed25519 key pair.
[[0;32m  OK  [0m] Started Deferred execution scheduler.
[   27.992881] cloud-init[961]: Your identification has been saved in /etc/ssh/ssh_host_ed25519_key.
[   28.192379] cloud-init[961]: Your public key has been saved in /etc/ssh/ssh_host_ed25519_key.pub.
[   28.192749] cloud-init[961]: The key fingerprint is:
[[0;32m  OK  [0m] Started Regular background program processing daemon.
[   28.192963] cloud-init[961]: SHA256:tU6evaL4khpjU7frnB/KXavqSqtg61n8rnK4PuZaIOk root@ubuntu-xenial
[   28.333596] cloud-init[961]: The key's randomart image is:
[   28.333952] cloud-init[961]: +--[ED25519 256]--+
         Starting /etc/rc.local Compatibility...
[   28.334231] cloud-init[961]: |                 |
[   28.377442] cloud-init[961]: |                 |
[   28.382290] cloud-init[961]: |          .      |
[   28.400511] cloud-init[961]: | .       . .     |
[   28.400909] cloud-init[961]: |+     . S o      |
         Starting LXD - container startup/shutdown...
[   28.401188] cloud-init[961]: |o. . . . = o     |
         [   28.492254] Starting Login Service...cloud-init
[961]: | E+.B ... = o    |
[   28.516590] cloud-init[961]: | o=*.*o= =.o o   |
         Starting LSB: Record successful boot for GRUB...
[   28.517282] cloud-init[961]: |.*B=+=**%++oo    |
[[   28.603893] cloud-init[961]: +----[SHA256]-----+
[0;32m  OK  [0m] Started FUSE filesystem for LXC.
[   28.606092] cloud-init[1080]: Generating locales (this might take a while)...
         Starting Pollinate to seed the pseudo random number generator...
[[0;32m  OK  [0m] Started Snappy daemon.
         Starting Auto import assertions from block devices...
[[0;32m  OK  [0m] Started System Logging Service.
[[0;32m  OK  [0m] Started /etc/rc.local Compatibility.
[[0;32m  OK  [0m] Started LXD - container startup/shutdown.
[[0;32m  OK  [0m] Started Auto import assertions from block devices.
[[0;32m  OK  [0m] Started Login to default iSCSI targets.
[[0;32m  OK  [0m] Started LSB: MD monitoring daemon.
[[0;32m  OK  [0m] Started LSB: Record successful boot for GRUB.
         Starting Authenticate and Authorize Users to Run Privileged Tasks...
[[0;32m  OK  [0m] Reached target Remote File Systems (Pre).
[[0;32m  OK  [0m] Reached target Remote File Systems.
         Starting LSB: VirtualBox Linux Additions...
         Starting LSB: daemon to balance interrupts for SMP systems...
         Starting LSB: Set the CPU Frequency Scaling governor to "ondemand"...
         Starting LSB: automatic crash report generation...
[   29.320208] cloud-init[1080]:   en_US.UTF-8... done
         Starting Permit User Sessions...
[   29.349875] cloud-init[1080]: Generation complete.
[[0;32m  OK  [0m] Started Pollinate to seed the pseudo random number generator.
[[0;32m  OK  [0m] Started Permit User Sessions.
[[0;32m  OK  [0m] Started Login Service.
[[0;32m  OK  [0m] Started Authenticate and Authorize Users to Run Privileged Tasks.
[[0;32m  OK  [0m] Started Accounts Service.
[[0;32m  OK  [0m] Started LSB: Set the CPU Frequency Scaling governor to "ondemand".
[[0;32m  OK  [0m] Started LSB: VirtualBox Linux Additions.
[[0;32m  OK  [0m] Started LSB: daemon to balance interrupts for SMP systems.
         Starting Hold until boot process finishes up...
         Starting Terminate Plymouth Boot Screen...
         Starting OpenBSD Secure Shell server...
[[0;32m  OK  [0m] Started OpenBSD Secure Shell server.
[[0;32m  OK  [0m] Started LSB: automatic crash report generation.
[[0;32m  OK  [0m] Started Hold until boot process finishes up.
[[0;32m  OK  [0m] Started Terminate Plymouth Boot Screen.
         Stopping OpenBSD Secure Shell server...
[[0;32m  OK  [0m] Created slice User Slice of ubuntu.
         Starting User Manager for UID 1000...
[[0;32m  OK  [0m] Started Session 1 of user ubuntu.
[[0;32m  OK  [0m] Started Getty on tty1.
[[0;32m  OK  [0m] Started Serial Getty on ttyS0.
[[0;32m  OK  [0m] Reached target Login Prompts.
         Starting Set console scheme...
[[0;32m  OK  [0m] Started User Manager for UID 1000.
[[0;32m  OK  [0m] Stopped OpenBSD Secure Shell server.
[[0;32m  OK  [0m] Started Set console scheme.
         Starting OpenBSD Secure Shell server...
[[0;32m  OK  [0m] Started OpenBSD Secure Shell server.
[[0;32m  OK  [0m] Reached target Multi-User System.
[[0;32m  OK  [0m] Reached target Graphical Interface.
         Starting Update UTMP about System Runlevel Changes...
[[0;32m  OK  [0m] Started Update UTMP about System Runlevel Changes.
[   30.597134] cloud-init[1080]: Cloud-init v. 0.7.9 running 'modules:config' at Wed, 19 Jul 2017 10:43:33 +0000. Up 28.18 seconds.
[[0;32m  OK  [0m] Started Apply the settings specified in cloud-config.
         Starting Execute cloud user/final scripts...
ci-info: no authorized ssh keys fingerprints found for user ubuntu.
<14>Jul 19 10:43:36 ec2: 
<14>Jul 19 10:43:36 ec2: #############################################################
<14>Jul 19 10:43:36 ec2: -----BEGIN SSH HOST KEY FINGERPRINTS-----
<14>Jul 19 10:43:36 ec2: 1024 SHA256:NapsYqV4eRLimM56sJbZSKYbeH96O3KcAgNfbPGuY5E root@ubuntu-xenial (DSA)
<14>Jul 19 10:43:36 ec2: 256 SHA256:8CJLFofTW45IkdAATvz2ipndyJOHEuVto+AER2JjNvs root@ubuntu-xenial (ECDSA)
<14>Jul 19 10:43:36 ec2: 256 SHA256:tU6evaL4khpjU7frnB/KXavqSqtg61n8rnK4PuZaIOk root@ubuntu-xenial (ED25519)
<14>Jul 19 10:43:36 ec2: 2048 SHA256:eImUzna5LMM1L0eLjYNUqkRy1mSTh3JA//N/W8v0IPc root@ubuntu-xenial (RSA)
<14>Jul 19 10:43:36 ec2: -----END SSH HOST KEY FINGERPRINTS-----
<14>Jul 19 10:43:36 ec2: #############################################################
-----BEGIN SSH HOST KEY KEYS-----
ecdsa-sha2-nistp256 AAAAE2VjZHNhLXNoYTItbmlzdHAyNTYAAAAIbmlzdHAyNTYAAABBBK/zqsBRc9tS9LSJf1dB0pLeHIn8oZD2k3BoKxAxpe/70eVqWwFU8bHnk/eS+Zywnp7UP3+5QOrzJT0JATQ60TU= root@ubuntu-xenial
ssh-ed25519 AAAAC3NzaC1lZDI1NTE5AAAAIJQqtHUxxvRhHg4eVscdlmpeveRJ65tKmfH+HRxdZKmF root@ubuntu-xenial
ssh-rsa AAAAB3NzaC1yc2EAAAADAQABAAABAQDGxuSLTnCX2NdCsvllrL0Zi/deA3lhf0FvfEqk/6rM/ZN4fVQD2nM67tnVE9h4EcwM0AJbdjF9KpPaVEwPUEfWinlaw5lIy3ptS+2U1ZK89oUHvavjqlw/dAvN8kaoU18wM9esUriwvGQfsUFZs4HvmX4LL6nM1JHIC84HxIvu4USv7kTWl7nF+1ahfxuVDB+nlgMLpNiL4wpHJYMX0vkJ03lpkT4Fhykzz3YNUVP0qUxR64fO9EFnOpM/Q88/I7HizxnAsOVgurdlqTe6lxSVMFC2a2naIOvn5tlmuUscNqWoRcmTcSRTIa1Sp1wjlnslpIJY/HByAqaJvjwMpt39 root@ubuntu-xenial
-----END SSH HOST KEY KEYS-----
[   31.606235] cloud-init[1392]: Cloud-init v. 0.7.9 running 'modules:final' at Wed, 19 Jul 2017 10:43:36 +0000. Up 31.02 seconds.
[   31.677603] cloud-init[1392]: ci-info: no authorized ssh keys fingerprints found for user ubuntu.
[   31.689519] cloud-init[1392]: Cloud-init v. 0.7.9 finished at Wed, 19 Jul 2017 10:43:37 +0000. Datasource DataSourceNoCloud [seed=/dev/sdb][dsmode=net].  Up 31.59 seconds
[[0;32m  OK  [0m] Started Execute cloud user/final scripts.
[[0;32m  OK  [0m] Reached target Cloud-init target.

Ubuntu 16.04.2 LTS ubuntu-xenial ttyS0

ubuntu-xenial login: 